🐊 Gator  review · .
all changes · 2 files · 3 additions · 1 deletions
mouse/keys [1 all] [2 unstaged] [3 staged] [f raw] [s hunk] [S file] [v range] [r request] [d refresh]
 files                                   hunks · internal/review/example.go
 internal/                               > 1 @@ -10,2 +10,2 @@ func example() +1 −1
 review/
 > example.go +1 −1                      change
 example_test.go +2 −0                   Focused selected hunk
                                         @@ -10,2 +10,2 @@ func example()
                                         >> 10/10  func example() {
                                            11/- -    return oldValue
                                            -/11 +    return newValue
 Trusted extension cards
 Team checklist: Check the exported API and regression coverage.
 Use /extensions to inspect; card actions only fill the composer.
Gator works in an isolated Git worktree. Review remains explicit.
up/down choose  f focused/raw  v range  r request change  s hunk  S file  x extension cards  d refresh  e handoff  c con
